============================= test session starts =============================
platform win32 -- Python 3.13.5, pytest-9.0.1, pluggy-1.6.0 -- E:\_projectsGithub\recall-pipeline\.venv\Scripts\python.exe
cachedir: .pytest_cache
rootdir: E:\_projectsGithub\recall-pipeline
configfile: pyproject.toml
plugins: anyio-4.12.1
collecting ... collected 0 items / 1 error

=================================== ERRORS ====================================
__________________ ERROR collecting tests/test_ocr_worker.py __________________
ImportError while importing test module 'E:\_projectsGithub\recall-pipeline\tests\test_ocr_worker.py'.
Hint: make sure your test modules/packages have valid Python names.
Traceback:
C:\Users\pmacl\AppData\Roaming\uv\python\cpython-3.13.5-windows-x86_64-none\Lib\importlib\__init__.py:88: in import_module
    return _bootstrap._gcd_import(name[level:], package, level)
           ^^^^^^^^^^^^^^^^^^^^^^^^^^^^^^^^^^^^^^^^^^^^^^^^^^^^
tests\test_ocr_worker.py:5: in <module>
    from agents.processors.ocr_worker import OCRWorker, FrameRecord, OCRResult
agents\__init__.py:5: in <module>
    from agents.client.client import LocalClient, create_client
agents\client\client.py:22: in <module>
    from agents.orm.errors import NoResultFound
agents\orm\__init__.py:1: in <module>
    from agents.orm.activity import Activity
agents\orm\activity.py:8: in <module>
    from agents.orm.sqlalchemy_base import SqlalchemyBase
agents\orm\sqlalchemy_base.py:12: in <module>
    from agents.log import get_logger
agents\log.py:4: in <module>
    from agents.settings import settings
agents\settings.py:5: in <module>
    from pydantic_settings import BaseSettings, SettingsConfigDict
E   ModuleNotFoundError: No module named 'pydantic_settings'
============================== warnings summary ===============================
agents\schemas\agents_message.py:167
  E:\_projectsGithub\recall-pipeline\agents\schemas\agents_message.py:167: PydanticDeprecatedSince20: Support for class-based `config` is deprecated, use ConfigDict instead. Deprecated in Pydantic V2.0 to be removed in V3.0. See Pydantic V2 Migration Guide at https://errors.pydantic.dev/2.12/migration/
    class ToolCallMessage(AgentsMessage):

.venv\Lib\site-packages\pydantic\_internal\_generate_schema.py:319
.venv\Lib\site-packages\pydantic\_internal\_generate_schema.py:319
  E:\_projectsGithub\recall-pipeline\.venv\Lib\site-packages\pydantic\_internal\_generate_schema.py:319: PydanticDeprecatedSince20: `json_encoders` is deprecated. See https://docs.pydantic.dev/2.12/concepts/serialization/#custom-serializers for alternatives. Deprecated in Pydantic V2.0 to be removed in V3.0. See Pydantic V2 Migration Guide at https://errors.pydantic.dev/2.12/migration/
    warnings.warn(

-- Docs: https://docs.pytest.org/en/stable/how-to/capture-warnings.html
=========================== short test summary info ===========================
ERROR tests/test_ocr_worker.py
!!!!!!!!!!!!!!!!!!! Interrupted: 1 error during collection !!!!!!!!!!!!!!!!!!!!
======================== 3 warnings, 1 error in 0.45s =========================
